// Jest Snapshot v1, https://goo.gl/fbAQLP

exports[`GlobalAppBar renders GlobalAppBar 1`] = `
<View
  style={
    Array [
      Object {
        "alignItems": "center",
        "flex": 1,
        "flexDirection": "row",
        "maxHeight": "5%",
        "paddingHorizontal": 20,
        "top": 0,
        "width": "100%",
      },
      Object {
        "backgroundColor": "#88BF41",
      },
    ]
  }
>
  <View
    accessible={true}
    isTVSelectable={true}
    onResponderGrant={[Function]}
    onResponderMove={[Function]}
    onResponderRelease={[Function]}
    onResponderTerminate={[Function]}
    onResponderTerminationRequest={[Function]}
    onStartShouldSetResponder={[Function]}
    style={
      Object {
        "opacity": 1,
      }
    }
    testID="menuButton"
  >
    <Text
      allowFontScaling={false}
      style={
        Array [
          Object {
            "color": "#171914",
            "fontSize": 25,
          },
          undefined,
          Object {
            "fontFamily": "Material Design Icons",
            "fontStyle": "normal",
            "fontWeight": "normal",
          },
          Object {},
        ]
      }
    >
      Ôçé
    </Text>
  </View>
  <Text
    style={
      Object {
        "fontSize": 22,
        "fontWeight": "bold",
        "marginLeft": "22%",
        "zIndex": 1000,
      }
    }
    testID="apptitle"
  >
    Sample
  </Text>
</View>
`;
