// Jest Snapshot v1, https://goo.gl/fbAQLP

exports[`MapMarker renders map marker 1`] = `"Marker"`;
